################################################################################
# CRONTAB : OWNER   - oracle                                          #
#           Standard Build Version 19.9 release 2                              #
#------------------------------------------------------------------------------#
#                                                                              #
# This file is being backed up Daily to /home/oracle/crontab_backup            #
################################################################################
# Save versions of this CRON                                                   #
# CRONTAB BACKUP TWICE DAILY. Remove backups older than 7 days                 #
################################################################################
35 07 * * * /bin/sh /orahome/u01/app/oracle/local/scripts/crontab_backup.sh
37 16 * * * /bin/sh /orahome/u01/app/oracle/local/scripts/crontab_backup.sh
3  01 * * * find /home/oracle/crontab_backup -type f -mtime +7 -exec rm -f {} \; -print > /tmp/clean_crontab_bakup.log
#######################################################################
#  Purge Jobs --------------------------------------------------------#
#######################################################################
0 5 * * *  /orahome/u01/app/oracle/local/scripts/purge_trim_logs.sh +ASM 15 30 90 10240000 > /dev/null  2>/dev/null
#0,30 * * * *  /home/oracle/RTR/are_replicats_running.sh > /dev/null  2>/dev/null
#************************************************************************************************************************
# ALERT LOG MONITORING
0,15,30,45 0-23 * * * /orahome/u01/app/oracle/local/scripts/monitor/scan_oracle.ksh HEPYPRD
#************************************************************************************************************************ 
05 05 1 * * /orahome/u01/app/oracle/local/scripts/monitor/move_filtered_err_file.ksh
#************************************************************************************************************************ 
# Update Heartbeat TimeStamp
*/5 * * * * /home/oracle/tls/rman/heartbeat.ksh HEPYPRD AEDBA > /dev/null 2>&1
#************************************************************************************************************************ 
# Check For Unusable Indexes
*/30 * * * * /home/oracle/tls/chkidx/check_for_unusable_indx.ksh HEPYPRD > /dev/null 2>&1
*/30 * * * * /home/oracle/tls/chkidx/check_for_invisible_indx.ksh HEPYPRD > /dev/null 2>&1
#************************************************************************************************************************ 
# Get Archive Log Space Usage
*/5 * * * * /home/oracle/tls/space/get_archivelog_usage.sh HEPYPRD > /dev/null 2>&1
#************************************************************************************************************************ 
# Get FRA Space Usage
*/5 * * * * /home/oracle/tls/space/get_fra_usage.sh HEPYPRD > /dev/null 2>&1
#************************************************************************************************************************ 
# Check For Guarantee Restore Point
0 * * * * /home/oracle/tls/rman/check_for_grp.ksh HEPYPRD > /dev/null 2>&1
#************************************************************************************************************************ 
# Get Session Information In Support of Max Processes Issue
*/2 * * * * /home/oracle/tls/orasupp/get_session_info.ksh HEPYPRD > /dev/null 2>&1
#************************************************************************************************************************ 
# Email Session Information Report
59 23 * * * /home/oracle/tls/orasupp/email_get_session_info.ksh > /dev/null 2>&1
#************************************************************************************************************************ 
# To be used when OEM is unavailable
#05 * * * * /orahome/u01/app/oracle/local/scripts/backup_archive_logs.sh HEPYPRD > /dev/null 2>&1
#************************************************************************************************************************ 
# Extract Users In Case Of Any Issues (Jupiter)
58 23 * * * /home/oracle/tls/extsecur/user_privs.sh HEPYPRD > /dev/null 2>&1
#************************************************************************************************************************ 
# Collect Table Space Information
00 05 * * 0 /home/oracle/tls/space/collect_table_space.ksh HEPYPRD > /dev/null 2>&1
00 06 * * 0 /home/oracle/tls/space/collect_index_space.ksh HEPYPRD > /dev/null 2>&1
#************************************************************************************************************************ 
# Check DataBase Backup
00 07 * * 0-5 /home/oracle/tls/backup/check_database_backup.sh HEPYPRD > /dev/null 2>&1
55 14 * * 1-5 /home/oracle/tls/backup/check_database_backup.sh HEPYPRD > /dev/null 2>&1
#************************************************************************************************************************ 
# Get Space Usage
00 06 * * * /home/oracle/tls/space/space_usage.sh HEPYPRD > /dev/null 2>&1
00 06 * * * /home/oracle/tls/space/asm_space_usage.sh > /dev/null 2>&1
59 05 * * * /home/oracle/tls/space/top_segments.sh HEPYPRD > /dev/null 2>&1
#************************************************************************************************************************
# Get Custom Indexes Created In The Last Week
00 08 * * 1 /home/oracle/tls/idx/get_custom_indexes.sh > /dev/null 2>&1
#************************************************************************************************************************ 
# Collect SQL_Profile and SQL_Plan_Baseline Usage
#50 23 * * * /home/oracle/tls/sqlprof/track_profiles_and_baselines.sh HEPYPRD > /dev/null 2>&1
#************************************************************************************************************************ 
#05 14 * * * /home/oracle/tls/rman/validate_backup.ksh HEPYPRD > /dev/null 2>/dev/null
#***********************************************************************************************************************
#KILL JOB
#***********************************************************************************************************************
#HRP Upgrade Watcher jobs
#*/2 * * * * /home/oracle/eb/GRP/PY_SUNDAY_STATS.sh HEPYPRD > /dev/null 2>&1
*/2 * * * * /home/oracle/eb/GRP/PY_CREATE_GRP.sh HEPYPRD > /dev/null 2>&1
*/2 * * * * /home/oracle/eb/GRP/PY_DROP_GRP.sh HEPYPRD > /dev/null 2>&1
#***********************************STATS JOBS***************************************************************************
# Gather Stats on Fee Detail Table - Sunday Only
# Gather Stats on Claim Adjudication Table - Sunday Only
# Gather Weekly - Sunday Only
# Gather Stats on CVC Tables and PERSON_NAME Table - Sunday Only
# Gather Stats on Tables For SQL TAG SupplierLookupByOtherId - Sunday Only
# Gather Stats on PRACTITIONER MEMBER Tables - Sunday Only
#************************************************************************************************************************
# Gather Stats on Claim Lines For Subscription Tables
#************************************************************************************************************************
# Gather Stats on HMEM Tables
#************************************************************************************************************************
# Gather Stats on Supplier and Supplier_Location Tables
#************************************************************************************************************************
# Gather Stats on Claim Workbasket Tables
#************************************************************************************************************************
# Gather Stats on Health Edge Identified Tables
#************************************************************************************************************************
# Gather Stats on Pay Calc Tables
#************************************************************************************************************************ 
# Gather Stats before cap run.
#************************************************************************************************************************

0 * * * * /home/oracle/eb/monitor/PY_LONG_RUNNERS.sh HEPYPRD > /dev/null 2>/dev/null
#0 0,4,8,12,16,20 * * * /home/oracle/eb/monitor/open_cursors/open_cursors.sh HEPYPRD > /dev/null 2>&1
#************************************************************************************************************************
#*/5 * * * * /orahome/u01/app/oracle/local/scripts/Swift.sh +ASM asm_rebalance_progress >> /home/oracle/MCL/asm_rebal.out 2>&1
